oisy.com ic
www.oisy.com ic
audit.oisy.com audit
www.audit.oisy.com audit
beta.oisy.com beta
www.beta.oisy.com beta
staging.oisy.com staging
www.staging.oisy.com staging
fe1.oisy.com test_fe_1
www.fe1.oisy.com test_fe_1
fe2.oisy.com test_fe_2
www.fe2.oisy.com test_fe_2
fe3.oisy.com test_fe_3
www.fe3.oisy.com test_fe_3
fe4.oisy.com test_fe_4
www.fe4.oisy.com test_fe_4
fe5.oisy.com test_fe_5
www.fe5.oisy.com test_fe_5
fe6.oisy.com test_fe_6
www.fe6.oisy.com test_fe_6
e2e.oisy.com e2e
www.e2e.oisy.com e2e
